current directory: /Users/hoonkim/Dropbox/Research_IT/GitHub/hoonbiolab.github.io/vendor/bundle/ruby/3.3.0/gems/ffi-1.15.0/ext/ffi_c
/Users/hoonkim/.rubies/ruby-3.3.5/bin/ruby extconf.rb
checking for pkg-config for libffi... ["-I/Library/Developer/CommandLineTools/SDKs/MacOSX15.sdk/usr/include/ffi ", "", "-lffi"]
checking for ffi_prep_closure_loc() in -lffi... yes
checking for ffi_prep_cif_var()... yes
checking for ffi_raw_call()... yes
checking for ffi_prep_raw_closure()... yes
creating extconf.h
creating Makefile

current directory: /Users/hoonkim/Dropbox/Research_IT/GitHub/hoonbiolab.github.io/vendor/bundle/ruby/3.3.0/gems/ffi-1.15.0/ext/ffi_c
make DESTDIR\= sitearchdir\=./.gem.20260901-69453-ypkh08 sitelibdir\=./.gem.20260901-69453-ypkh08 clean

current directory: /Users/hoonkim/Dropbox/Research_IT/GitHub/hoonbiolab.github.io/vendor/bundle/ruby/3.3.0/gems/ffi-1.15.0/ext/ffi_c
make DESTDIR\= sitearchdir\=./.gem.20260901-69453-ypkh08 sitelibdir\=./.gem.20260901-69453-ypkh08
compiling AbstractMemory.c
compiling ArrayType.c
compiling Buffer.c
compiling Call.c
compiling ClosurePool.c
compiling DynamicLibrary.c
compiling Function.c
compiling FunctionInfo.c
compiling LastError.c
compiling LongDouble.c
compiling MappedType.c
compiling MemoryPointer.c
compiling MethodHandle.c
compiling Platform.c
compiling Pointer.c
compiling Struct.c
compiling StructByValue.c
compiling StructLayout.c
compiling Thread.c
compiling Type.c
compiling Types.c
compiling Variadic.c
compiling ffi.c
linking shared-object ffi_c.bundle
ld: warning: -multiply_defined is obsolete
ld: warning: ignoring duplicate libraries: '-lffi'

current directory: /Users/hoonkim/Dropbox/Research_IT/GitHub/hoonbiolab.github.io/vendor/bundle/ruby/3.3.0/gems/ffi-1.15.0/ext/ffi_c
make DESTDIR\= sitearchdir\=./.gem.20260901-69453-ypkh08 sitelibdir\=./.gem.20260901-69453-ypkh08 install
/usr/bin/install -c -m 0755 ffi_c.bundle ./.gem.20260901-69453-ypkh08

current directory: /Users/hoonkim/Dropbox/Research_IT/GitHub/hoonbiolab.github.io/vendor/bundle/ruby/3.3.0/gems/ffi-1.15.0/ext/ffi_c
make DESTDIR\= sitearchdir\=./.gem.20260901-69453-ypkh08 sitelibdir\=./.gem.20260901-69453-ypkh08 clean
