current directory: /Users/hoonkim/Dropbox/Research_IT/GitHub/hoonbiolab.github.io/vendor/bundle/ruby/3.3.0/gems/commonmarker-0.17.13/ext/commonmarker
/Users/hoonkim/.rubies/ruby-3.3.5/bin/ruby extconf.rb
creating Makefile

current directory: /Users/hoonkim/Dropbox/Research_IT/GitHub/hoonbiolab.github.io/vendor/bundle/ruby/3.3.0/gems/commonmarker-0.17.13/ext/commonmarker
make DESTDIR\= sitearchdir\=./.gem.20260901-69453-3w1u3o sitelibdir\=./.gem.20260901-69453-3w1u3o clean

current directory: /Users/hoonkim/Dropbox/Research_IT/GitHub/hoonbiolab.github.io/vendor/bundle/ruby/3.3.0/gems/commonmarker-0.17.13/ext/commonmarker
make DESTDIR\= sitearchdir\=./.gem.20260901-69453-3w1u3o sitelibdir\=./.gem.20260901-69453-3w1u3o
compiling arena.c
compiling autolink.c
compiling blocks.c
blocks.c:1443:5: warning: 'CMARK_DEBUG_NODES' is not defined, evaluates to 0 [-Wundef]
 1443 | #if CMARK_DEBUG_NODES
      |     ^
1 warning generated.
compiling buffer.c
compiling cmark.c
compiling cmark_ctype.c
compiling commonmark.c
commonmark.c:409:18: warning: assigning to 'char *' from 'const char[2]' discards qualifiers [-Wincompatible-pointer-types-discards-qualifiers]
  409 |       emph_delim = "_";
      |                  ^ ~~~
commonmark.c:411:18: warning: assigning to 'char *' from 'const char[2]' discards qualifiers [-Wincompatible-pointer-types-discards-qualifiers]
  411 |       emph_delim = "*";
      |                  ^ ~~~
2 warnings generated.
compiling commonmarker.c
In file included from commonmarker.c:3:
In file included from ./houdini.h:9:
./config.h:8:9: warning: 'HAVE_STDBOOL_H' macro redefined [-Wmacro-redefined]
    8 | #define HAVE_STDBOOL_H
      |         ^
/Users/hoonkim/.rubies/ruby-3.3.5/include/ruby-3.3.0/arm64-darwin21/ruby/config.h:45:9: note: previous definition is here
   45 | #define HAVE_STDBOOL_H 1
      |         ^
commonmarker.c:121:20: warning: implicit conversion loses integer precision: 'long' to 'int' [-Wshorten-64-to-32]
  121 |   extensions_len = RARRAY_LEN(rb_extensions);
      |                  ~ ^~~~~~~~~~~~~~~~~~~~~~~~~
/Users/hoonkim/.rubies/ruby-3.3.5/include/ruby-3.3.0/ruby/internal/core/rarray.h:51:36: note: expanded from macro 'RARRAY_LEN'
   51 | #define RARRAY_LEN                 rb_array_len                 /**< @alias{rb_array_len} */
      |                                    ^
commonmarker.c:163:9: warning: implicit conversion loses integer precision: 'long' to 'int' [-Wshorten-64-to-32]
  163 |   len = RSTRING_LEN(rb_text);
      |       ~ ^~~~~~~~~~~~~~~~~~~~
/Users/hoonkim/.rubies/ruby-3.3.5/include/ruby-3.3.0/ruby/internal/core/rstring.h:46:27: note: expanded from macro 'RSTRING_LEN'
   46 | #define RSTRING_LEN       RSTRING_LEN
      |                           ^
commonmarker.c:270:12: warning: variable 'options' set but not used [-Wunused-but-set-variable]
  270 |   int len, options;
      |            ^
commonmarker.c:538:20: warning: implicit conversion loses integer precision: 'long' to 'int' [-Wshorten-64-to-32]
  538 |   extensions_len = RARRAY_LEN(rb_extensions);
      |                  ~ ^~~~~~~~~~~~~~~~~~~~~~~~~
/Users/hoonkim/.rubies/ruby-3.3.5/include/ruby-3.3.0/ruby/internal/core/rarray.h:51:36: note: expanded from macro 'RARRAY_LEN'
   51 | #define RARRAY_LEN                 rb_array_len                 /**< @alias{rb_array_len} */
      |                                    ^
commonmarker.c:1077:27: warning: implicit conversion loses integer precision: 'long' to 'bufsize_t' (aka 'int') [-Wshorten-64-to-32]
 1076 |   if (houdini_escape_href(&buf, (const uint8_t *)RSTRING_PTR(rb_text),
      |       ~~~~~~~~~~~~~~~~~~~
 1077 |                           RSTRING_LEN(rb_text))) {
      |                           ^~~~~~~~~~~~~~~~~~~~
/Users/hoonkim/.rubies/ruby-3.3.5/include/ruby-3.3.0/ruby/internal/core/rstring.h:46:27: note: expanded from macro 'RSTRING_LEN'
   46 | #define RSTRING_LEN       RSTRING_LEN
      |                           ^
commonmarker.c:1097:28: warning: implicit conversion loses integer precision: 'long' to 'bufsize_t' (aka 'int') [-Wshorten-64-to-32]
 1096 |   if (houdini_escape_html0(&buf, (const uint8_t *)RSTRING_PTR(rb_text),
      |       ~~~~~~~~~~~~~~~~~~~~
 1097 |                            RSTRING_LEN(rb_text), 0)) {
      |                            ^~~~~~~~~~~~~~~~~~~~
/Users/hoonkim/.rubies/ruby-3.3.5/include/ruby-3.3.0/ruby/internal/core/rstring.h:46:27: note: expanded from macro 'RSTRING_LEN'
   46 | #define RSTRING_LEN       RSTRING_LEN
      |                           ^
7 warnings generated.
compiling core-extensions.c
compiling ext_scanners.c
compiling footnotes.c
compiling houdini_href_e.c
compiling houdini_html_e.c
compiling houdini_html_u.c
compiling html.c
compiling inlines.c
compiling iterator.c
compiling latex.c
compiling linked_list.c
compiling man.c
compiling map.c
compiling node.c
compiling plaintext.c
compiling plugin.c
compiling references.c
compiling registry.c
compiling render.c
compiling scanners.c
compiling strikethrough.c
compiling syntax_extension.c
compiling table.c
compiling tagfilter.c
compiling utf8.c
compiling xml.c
linking shared-object commonmarker/commonmarker.bundle
ld: warning: -multiply_defined is obsolete

current directory: /Users/hoonkim/Dropbox/Research_IT/GitHub/hoonbiolab.github.io/vendor/bundle/ruby/3.3.0/gems/commonmarker-0.17.13/ext/commonmarker
make DESTDIR\= sitearchdir\=./.gem.20260901-69453-3w1u3o sitelibdir\=./.gem.20260901-69453-3w1u3o install
/usr/bin/install -c -m 0755 commonmarker.bundle ./.gem.20260901-69453-3w1u3o/commonmarker

current directory: /Users/hoonkim/Dropbox/Research_IT/GitHub/hoonbiolab.github.io/vendor/bundle/ruby/3.3.0/gems/commonmarker-0.17.13/ext/commonmarker
make DESTDIR\= sitearchdir\=./.gem.20260901-69453-3w1u3o sitelibdir\=./.gem.20260901-69453-3w1u3o clean
